[     136ms] [ERROR] Failed to load resource: the server responded with a status of 500 (Internal Server Error) @ http://localhost:3000/:0
[     749ms] [INFO] %cDownload the React DevTools for a better development experience: https://react.dev/link/react-devtools font-weight:bold @ http://localhost:3000/_next/static/chunks/node_modules_react-dom_0bruynb._.js:15305
[     807ms] Error: ./src/features/product/views/product-section.tsx:4:1
Module not found: Can't resolve 'embla-carousel-react'
  2 |
  3 | import {useSuspenseInfiniteQuery} from '@tanstack/react-query'
> 4 | import useEmblaCarousel from 'embla-carousel-react'
    | ^^^^^^^^^^^^^^^^^^^^^^^^^^^^^^^^^^^^^^^^^^^^^^^^^^^
  5 | import cn from 'clsx'
  6 | import {ChevronLeft, ChevronRight} from 'lucide-react'
  7 | import {useCallback, useEffect, useState} from 'react'



Import trace:
  Server Component:
    ./src/features/product/views/product-section.tsx
    ./src/app/page.tsx

https://nextjs.org/docs/messages/module-not-found


    at <unknown> (Error: ./src/features/product/views/product-section.tsx:4:1)
    at <unknown> (https://nextjs.org/docs/messages/module-not-found)
    at getCompilationErrors (file:///app/node_modules/next/dist/server/dev/hot-reloader-turbopack.js:1186:63)
    at getCompilationError (file:///app/node_modules/next/dist/server/lib/dev-bundler-service.js:44:55)
    at getCompilationError (file:///app/node_modules/next/dist/server/dev/next-dev-server.js:720:42)
    at findPageComponents (file:///app/node_modules/next/dist/server/dev/next-dev-server.js:690:43)
    at renderErrorToResponseImpl (file:///app/node_modules/next/dist/server/base-server.js:1753:37)
    at processTicksAndRejections
[     802ms] [LOG] [HMR] connected @ http://localhost:3000/_next/static/chunks/node_modules_next_dist_0u_w_5s._.js:1226
[     805ms] [ERROR] ./src/features/product/views/product-section.tsx:4:1
Module not found: Can't resolve 'embla-carousel-react'
  2 |
  3 | import {useSuspenseInfiniteQuery} from '@tanstack/react-query'
> 4 | import useEmblaCarousel from 'embla-carousel-react'
    | ^^^^^^^^^^^^^^^^^^^^^^^^^^^^^^^^^^^^^^^^^^^^^^^^^^^
  5 | import cn from 'clsx'
  6 | import {ChevronLeft, ChevronRight} from 'lucide-react'
  7 | import {useCallback, useEffect, useState} from 'react'

Import trace:
  Server Component:
    ./src/features/product/views/product-section.tsx
    ./src/app/page.tsx

https://nextjs.org/docs/messages/module-not-found @ http://localhost:3000/_next/static/chunks/node_modules_next_dist_0u_w_5s._.js:1945
[     899ms] [ERROR] ./src/features/product/views/product-section.tsx:4:1
Module not found: Can't resolve 'embla-carousel-react'
  2 |
  3 | import {useSuspenseInfiniteQuery} from '@tanstack/react-query'
> 4 | import useEmblaCarousel from 'embla-carousel-react'
    | ^^^^^^^^^^^^^^^^^^^^^^^^^^^^^^^^^^^^^^^^^^^^^^^^^^^
  5 | import cn from 'clsx'
  6 | import {ChevronLeft, ChevronRight} from 'lucide-react'
  7 | import {useCallback, useEffect, useState} from 'react'

Import trace:
  Server Component:
    ./src/features/product/views/product-section.tsx
    ./src/app/page.tsx

https://nextjs.org/docs/messages/module-not-found @ http://localhost:3000/_next/static/chunks/node_modules_next_dist_0u_w_5s._.js:1945
[     981ms] [LOG] [Fast Refresh] rebuilding @ http://localhost:3000/_next/static/chunks/node_modules_next_dist_0u_w_5s._.js:1226
[    7378ms] [LOG] [Fast Refresh] rebuilding @ http://localhost:3000/_next/static/chunks/node_modules_next_dist_0u_w_5s._.js:1226
[    7424ms] [ERROR] ./src/features/product/views/product-section.tsx:4:1
Module not found: Can't resolve 'embla-carousel-react'
  2 |
  3 | import {useSuspenseInfiniteQuery} from '@tanstack/react-query'
> 4 | import useEmblaCarousel from 'embla-carousel-react'
    | ^^^^^^^^^^^^^^^^^^^^^^^^^^^^^^^^^^^^^^^^^^^^^^^^^^^
  5 | import cn from 'clsx'
  6 | import {ChevronLeft, ChevronRight} from 'lucide-react'
  7 | import {useCallback, useEffect, useState} from 'react'

Import trace:
  Server Component:
    ./src/features/product/views/product-section.tsx
    ./src/app/page.tsx

https://nextjs.org/docs/messages/module-not-found @ http://localhost:3000/_next/static/chunks/node_modules_next_dist_0u_w_5s._.js:1945
[    7459ms] [ERROR] ./src/features/product/views/product-section.tsx:4:1
Module not found: Can't resolve 'embla-carousel-react'
  2 |
  3 | import {useSuspenseInfiniteQuery} from '@tanstack/react-query'
> 4 | import useEmblaCarousel from 'embla-carousel-react'
    | ^^^^^^^^^^^^^^^^^^^^^^^^^^^^^^^^^^^^^^^^^^^^^^^^^^^
  5 | import cn from 'clsx'
  6 | import {ChevronLeft, ChevronRight} from 'lucide-react'
  7 | import {useCallback, useEffect, useState} from 'react'

Import trace:
  Server Component:
    ./src/features/product/views/product-section.tsx
    ./src/app/page.tsx

https://nextjs.org/docs/messages/module-not-found @ http://localhost:3000/_next/static/chunks/node_modules_next_dist_0u_w_5s._.js:1945
[    7461ms] [ERROR] Failed to load resource: the server responded with a status of 500 (Internal Server Error) @ http://localhost:3000/:0
[    8216ms] [INFO] %cDownload the React DevTools for a better development experience: https://react.dev/link/react-devtools font-weight:bold @ http://localhost:3000/_next/static/chunks/node_modules_react-dom_0bruynb._.js:15305
[    8223ms] Error: ./src/features/product/views/product-section.tsx:4:1
Module not found: Can't resolve 'embla-carousel-react'
  2 |
  3 | import {useSuspenseInfiniteQuery} from '@tanstack/react-query'
> 4 | import useEmblaCarousel from 'embla-carousel-react'
    | ^^^^^^^^^^^^^^^^^^^^^^^^^^^^^^^^^^^^^^^^^^^^^^^^^^^
  5 | import cn from 'clsx'
  6 | import {ChevronLeft, ChevronRight} from 'lucide-react'
  7 | import {useCallback, useEffect, useState} from 'react'



Import trace:
  Server Component:
    ./src/features/product/views/product-section.tsx
    ./src/app/page.tsx

https://nextjs.org/docs/messages/module-not-found


    at <unknown> (Error: ./src/features/product/views/product-section.tsx:4:1)
    at <unknown> (https://nextjs.org/docs/messages/module-not-found)
    at getCompilationErrors (file:///app/node_modules/next/dist/server/dev/hot-reloader-turbopack.js:1186:63)
    at getCompilationError (file:///app/node_modules/next/dist/server/lib/dev-bundler-service.js:44:55)
    at getCompilationError (file:///app/node_modules/next/dist/server/dev/next-dev-server.js:720:42)
    at findPageComponents (file:///app/node_modules/next/dist/server/dev/next-dev-server.js:690:43)
    at renderErrorToResponseImpl (file:///app/node_modules/next/dist/server/base-server.js:1753:37)
    at processTicksAndRejections
[    8346ms] [LOG] [HMR] connected @ http://localhost:3000/_next/static/chunks/node_modules_next_dist_0u_w_5s._.js:1226
[    8347ms] [ERROR] ./src/features/product/views/product-section.tsx:4:1
Module not found: Can't resolve 'embla-carousel-react'
  2 |
  3 | import {useSuspenseInfiniteQuery} from '@tanstack/react-query'
> 4 | import useEmblaCarousel from 'embla-carousel-react'
    | ^^^^^^^^^^^^^^^^^^^^^^^^^^^^^^^^^^^^^^^^^^^^^^^^^^^
  5 | import cn from 'clsx'
  6 | import {ChevronLeft, ChevronRight} from 'lucide-react'
  7 | import {useCallback, useEffect, useState} from 'react'

Import trace:
  Server Component:
    ./src/features/product/views/product-section.tsx
    ./src/app/page.tsx

https://nextjs.org/docs/messages/module-not-found @ http://localhost:3000/_next/static/chunks/node_modules_next_dist_0u_w_5s._.js:1945
[    8760ms] [ERROR] ./src/features/product/views/product-section.tsx:4:1
Module not found: Can't resolve 'embla-carousel-react'
  2 |
  3 | import {useSuspenseInfiniteQuery} from '@tanstack/react-query'
> 4 | import useEmblaCarousel from 'embla-carousel-react'
    | ^^^^^^^^^^^^^^^^^^^^^^^^^^^^^^^^^^^^^^^^^^^^^^^^^^^
  5 | import cn from 'clsx'
  6 | import {ChevronLeft, ChevronRight} from 'lucide-react'
  7 | import {useCallback, useEffect, useState} from 'react'

Import trace:
  Server Component:
    ./src/features/product/views/product-section.tsx
    ./src/app/page.tsx

https://nextjs.org/docs/messages/module-not-found @ http://localhost:3000/_next/static/chunks/node_modules_next_dist_0u_w_5s._.js:1945
[    8792ms] [ERROR] ./src/features/product/views/product-section.tsx:4:1
Module not found: Can't resolve 'embla-carousel-react'
  2 |
  3 | import {useSuspenseInfiniteQuery} from '@tanstack/react-query'
> 4 | import useEmblaCarousel from 'embla-carousel-react'
    | ^^^^^^^^^^^^^^^^^^^^^^^^^^^^^^^^^^^^^^^^^^^^^^^^^^^
  5 | import cn from 'clsx'
  6 | import {ChevronLeft, ChevronRight} from 'lucide-react'
  7 | import {useCallback, useEffect, useState} from 'react'

Import trace:
  Server Component:
    ./src/features/product/views/product-section.tsx
    ./src/app/page.tsx

https://nextjs.org/docs/messages/module-not-found @ http://localhost:3000/_next/static/chunks/node_modules_next_dist_0u_w_5s._.js:1945
[    8861ms] [LOG] [Fast Refresh] rebuilding @ http://localhost:3000/_next/static/chunks/node_modules_next_dist_0u_w_5s._.js:1226
[   11239ms] [ERROR] ./src/features/product/views/product-section.tsx:4:1
Module not found: Can't resolve 'embla-carousel-react'
  2 |
  3 | import {useSuspenseInfiniteQuery} from '@tanstack/react-query'
> 4 | import useEmblaCarousel from 'embla-carousel-react'
    | ^^^^^^^^^^^^^^^^^^^^^^^^^^^^^^^^^^^^^^^^^^^^^^^^^^^
  5 | import cn from 'clsx'
  6 | import {ChevronLeft, ChevronRight} from 'lucide-react'
  7 | import {useCallback, useEffect, useState} from 'react'

Import trace:
  Server Component:
    ./src/features/product/views/product-section.tsx
    ./src/app/page.tsx

https://nextjs.org/docs/messages/module-not-found @ http://localhost:3000/_next/static/chunks/node_modules_next_dist_0u_w_5s._.js:1945
[   11305ms] [LOG] [Fast Refresh] rebuilding @ http://localhost:3000/_next/static/chunks/node_modules_next_dist_0u_w_5s._.js:1226
[   17005ms] [ERROR] ./src/features/product/views/product-section.tsx:4:1
Module not found: Can't resolve 'embla-carousel-react'
  2 |
  3 | import {useSuspenseInfiniteQuery} from '@tanstack/react-query'
> 4 | import useEmblaCarousel from 'embla-carousel-react'
    | ^^^^^^^^^^^^^^^^^^^^^^^^^^^^^^^^^^^^^^^^^^^^^^^^^^^
  5 | import cn from 'clsx'
  6 | import {ChevronLeft, ChevronRight} from 'lucide-react'
  7 | import {useCallback, useEffect, useState} from 'react'

Import trace:
  Server Component:
    ./src/features/product/views/product-section.tsx
    ./src/app/page.tsx

https://nextjs.org/docs/messages/module-not-found @ http://localhost:3000/_next/static/chunks/node_modules_next_dist_0u_w_5s._.js:1945
[   17066ms] [LOG] [Fast Refresh] rebuilding @ http://localhost:3000/_next/static/chunks/node_modules_next_dist_0u_w_5s._.js:1226
[   22133ms] [LOG] [Fast Refresh] rebuilding @ http://localhost:3000/_next/static/chunks/node_modules_next_dist_0u_w_5s._.js:1226
[   22340ms] [ERROR] ./node_modules/embla-carousel-react/esm/embla-carousel-react.esm.js:3:1
Module not found: Can't resolve 'embla-carousel'
  1 | import { useRef, useState, useCallback, useEffect } from 'react';
  2 | import { areOptionsEqual, arePluginsEqual, canUseDOM } from 'embla-carousel-reactive-utils';
> 3 | import EmblaCarousel from 'embla-carousel';
    | ^^^^^^^^^^^^^^^^^^^^^^^^^^^^^^^^^^^^^^^^^^^
  4 |
  5 | function useEmblaCarousel(options = {}, plugins = []) {
  6 |   const storedOptions = useRef(options);

Import traces:
  Client Component Browser:
    ./node_modules/embla-carousel-react/esm/embla-carousel-react.esm.js [Client Component Browser]
    ./src/features/product/views/product-section.tsx [Client Component Browser]
    ./src/features/product/views/product-section.tsx [Server Component]
    ./src/app/page.tsx [Server Component]

  Client Component SSR:
    ./node_modules/embla-carousel-react/esm/embla-carousel-react.esm.js [Client Component SSR]
    ./src/features/product/views/product-section.tsx [Client Component SSR]
    ./src/features/product/views/product-section.tsx [Server Component]
    ./src/app/page.tsx [Server Component]

https://nextjs.org/docs/messages/module-not-found @ http://localhost:3000/_next/static/chunks/node_modules_next_dist_0u_w_5s._.js:1945
[   22341ms] [ERROR] ./node_modules/embla-carousel-react/esm/embla-carousel-react.esm.js:2:1
Module not found: Can't resolve 'embla-carousel-reactive-utils'
  1 | import { useRef, useState, useCallback, useEffect } from 'react';
> 2 | import { areOptionsEqual, arePluginsEqual, canUseDOM } from 'embla-carousel-reactive-utils';
    | ^^^^^^^^^^^^^^^^^^^^^^^^^^^^^^^^^^^^^^^^^^^^^^^^^^^^^^^^^^^^^^^^^^^^^^^^^^^^^^^^^^^^^^^^^^^^
  3 | import EmblaCarousel from 'embla-carousel';
  4 |
  5 | function useEmblaCarousel(options = {}, plugins = []) {

Import traces:
  Client Component Browser:
    ./node_modules/embla-carousel-react/esm/embla-carousel-react.esm.js [Client Component Browser]
    ./src/features/product/views/product-section.tsx [Client Component Browser]
    ./src/features/product/views/product-section.tsx [Server Component]
    ./src/app/page.tsx [Server Component]

  Client Component SSR:
    ./node_modules/embla-carousel-react/esm/embla-carousel-react.esm.js [Client Component SSR]
    ./src/features/product/views/product-section.tsx [Client Component SSR]
    ./src/features/product/views/product-section.tsx [Server Component]
    ./src/app/page.tsx [Server Component]

https://nextjs.org/docs/messages/module-not-found @ http://localhost:3000/_next/static/chunks/node_modules_next_dist_0u_w_5s._.js:1945
[   22346ms] [LOG] [Fast Refresh] rebuilding @ http://localhost:3000/_next/static/chunks/node_modules_next_dist_0u_w_5s._.js:1226
[   22436ms] [ERROR] ./node_modules/embla-carousel-react/esm/embla-carousel-react.esm.js:3:1
Module not found: Can't resolve 'embla-carousel'
  1 | import { useRef, useState, useCallback, useEffect } from 'react';
  2 | import { areOptionsEqual, arePluginsEqual, canUseDOM } from 'embla-carousel-reactive-utils';
> 3 | import EmblaCarousel from 'embla-carousel';
    | ^^^^^^^^^^^^^^^^^^^^^^^^^^^^^^^^^^^^^^^^^^^
  4 |
  5 | function useEmblaCarousel(options = {}, plugins = []) {
  6 |   const storedOptions = useRef(options);

Import traces:
  Client Component Browser:
    ./node_modules/embla-carousel-react/esm/embla-carousel-react.esm.js [Client Component Browser]
    ./src/features/product/views/product-section.tsx [Client Component Browser]
    ./src/features/product/views/product-section.tsx [Server Component]
    ./src/app/page.tsx [Server Component]

  Client Component SSR:
    ./node_modules/embla-carousel-react/esm/embla-carousel-react.esm.js [Client Component SSR]
    ./src/features/product/views/product-section.tsx [Client Component SSR]
    ./src/features/product/views/product-section.tsx [Server Component]
    ./src/app/page.tsx [Server Component]

https://nextjs.org/docs/messages/module-not-found @ http://localhost:3000/_next/static/chunks/node_modules_next_dist_0u_w_5s._.js:1945
[   22439ms] [ERROR] Failed to load resource: the server responded with a status of 500 (Internal Server Error) @ http://localhost:3000/:0
[   23264ms] [INFO] %cDownload the React DevTools for a better development experience: https://react.dev/link/react-devtools font-weight:bold @ http://localhost:3000/_next/static/chunks/node_modules_react-dom_0bruynb._.js:15305
[   23269ms] Error: ./node_modules/embla-carousel-react/esm/embla-carousel-react.esm.js:3:1
Module not found: Can't resolve 'embla-carousel'
  1 | import { useRef, useState, useCallback, useEffect } from 'react';
  2 | import { areOptionsEqual, arePluginsEqual, canUseDOM } from 'embla-carousel-reactive-utils';
> 3 | import EmblaCarousel from 'embla-carousel';
    | ^^^^^^^^^^^^^^^^^^^^^^^^^^^^^^^^^^^^^^^^^^^
  4 |
  5 | function useEmblaCarousel(options = {}, plugins = []) {
  6 |   const storedOptions = useRef(options);



Import traces:
  Client Component Browser:
    ./node_modules/embla-carousel-react/esm/embla-carousel-react.esm.js [Client Component Browser]
    ./src/features/product/views/product-section.tsx [Client Component Browser]
    ./src/features/product/views/product-section.tsx [Server Component]
    ./src/app/page.tsx [Server Component]

  Client Component SSR:
    ./node_modules/embla-carousel-react/esm/embla-carousel-react.esm.js [Client Component SSR]
    ./src/features/product/views/product-section.tsx [Client Component SSR]
    ./src/features/product/views/product-section.tsx [Server Component]
    ./src/app/page.tsx [Server Component]

https://nextjs.org/docs/messages/module-not-found


    at <unknown> (Error: ./node_modules/embla-carousel-react/esm/embla-carousel-react.esm.js:3:1)
    at <unknown> (https://nextjs.org/docs/messages/module-not-found)
    at getCompilationErrors (file:///app/node_modules/next/dist/server/dev/hot-reloader-turbopack.js:1186:63)
    at getCompilationError (file:///app/node_modules/next/dist/server/lib/dev-bundler-service.js:44:55)
    at getCompilationError (file:///app/node_modules/next/dist/server/dev/next-dev-server.js:720:42)
    at findPageComponents (file:///app/node_modules/next/dist/server/dev/next-dev-server.js:690:43)
    at renderErrorToResponseImpl (file:///app/node_modules/next/dist/server/base-server.js:1753:37)
    at processTicksAndRejections
[   23392ms] [LOG] [HMR] connected @ http://localhost:3000/_next/static/chunks/node_modules_next_dist_0u_w_5s._.js:1226
